
R version 3.5.0 (2018-04-23) -- "Joy in Playing"
Copyright (C) 2018 The R Foundation for Statistical Computing
Platform: x86_64-w64-mingw32/x64 (64-bit)

R is free software and comes with ABSOLUTELY NO WARRANTY.
You are welcome to redistribute it under certain conditions.
Type 'license()' or 'licence()' for distribution details.

  Natural language support but running in an English locale

R is a collaborative project with many contributors.
Type 'contributors()' for more information and
'citation()' on how to cite R or R packages in publications.

Type 'demo()' for some demos, 'help()' for on-line help, or
'help.start()' for an HTML browser interface to help.
Type 'q()' to quit R.

> library(sciplot)
> library(ez)
> library(psych)
> library(reshape)
> library(ggplot2)
> 
> #subj,cond,stim,ANN
> df <- read.csv("anns.csv") # open data
> 
> mdf <- melt(df, id=c("subj","cond","stim"))
> stimmeans <- cast(mdf, stim~variable, mean)
> 
> #subj,cond,stim,ann
> # calculate anova
> #ezANOVA(data=df, dv=ann, wid=subj, within=cond, type=3)
> df$subj <- factor(df$subj)
> df$cond <- factor(df$cond)
> df$stim <- factor(df$stim)
> attach(df)
> #summary(aov(ann ~ (cond * stim) + Error(subj/cond), df))
> #summary(aov(nni ~ (cond * stim) + Error(subj/cond), df))
> # if there's no condition, just use simple one-way ANOVA
> summary(aov(ann ~ stim, df))
            Df Sum Sq Mean Sq F value Pr(>F)
stim         3   96.7   32.23   2.125   0.15
Residuals   12  182.0   15.17               
> summary(aov(nni ~ stim, df))
            Df Sum Sq Mean Sq F value Pr(>F)
stim         3 0.1075 0.03584   2.269  0.133
Residuals   12 0.1895 0.01579               
> detach(df)
> 
> #pairwise.t.test(df$ann, df$cond, p.adj="bonferroni")
> #describeBy(df$ann, group=df$cond)
> describeBy(df$ann, group=df$stim)

 Descriptive statistics by group 
group: calib-verif
   vars n   mean   sd median trimmed mad    min   max range skew kurtosis   se
X1    1 4 -12.35 2.36 -13.21  -12.35 1.1 -14.02 -8.96  5.07 0.59    -1.82 1.18
------------------------------------------------------------ 
group: page1
   vars n   mean   sd median trimmed  mad    min   max range skew kurtosis   se
X1    1 4 -11.64 5.53 -12.84  -11.64 4.06 -16.82 -4.06 12.77 0.41    -1.91 2.76
------------------------------------------------------------ 
group: page2
   vars n  mean   sd median trimmed  mad   min   max range skew kurtosis   se
X1    1 4 -7.37 3.26  -8.78   -7.37 0.72 -9.41 -2.51  6.89 0.72    -1.71 1.63
------------------------------------------------------------ 
group: page3
   vars n  mean   sd median trimmed  mad    min   max range  skew kurtosis   se
X1    1 4 -6.86 3.73  -6.61   -6.86 3.67 -11.55 -2.67  8.88 -0.13    -1.97 1.86
> 
> #pairwise.t.test(df$nni, df$cond, p.adj="bonferroni")
> #describeBy(df$nni, group=df$cond)
> describeBy(df$nni, group=df$stim)

 Descriptive statistics by group 
group: calib-verif
   vars n mean   sd median trimmed  mad  min  max range  skew kurtosis   se
X1    1 4 0.28 0.06   0.29    0.28 0.06 0.21 0.34  0.13 -0.22    -2.14 0.03
------------------------------------------------------------ 
group: page1
   vars n mean   sd median trimmed  mad min  max range  skew kurtosis   se
X1    1 4 0.42 0.16   0.45    0.42 0.13 0.2 0.58  0.38 -0.37    -1.92 0.08
------------------------------------------------------------ 
group: page2
   vars n mean   sd median trimmed  mad  min  max range  skew kurtosis   se
X1    1 4 0.47 0.16   0.53    0.47 0.08 0.24 0.59  0.34 -0.58    -1.83 0.08
------------------------------------------------------------ 
group: page3
   vars n mean   sd median trimmed  mad  min  max range  skew kurtosis   se
X1    1 4 0.29 0.08    0.3    0.29 0.09 0.19 0.37  0.18 -0.09    -2.25 0.04
> 
> plotName = "./nni-stim.pdf"
> pdf(plotName,family="NimbusSan",useDingbats=FALSE)
> bargraph.CI(stim, nni, group = NULL, data = df,
+             split = FALSE,
+             col = c("#f0f0f0","#bdbdbd","#636363"),
+             angle = c(45,45,45),
+             density = c(60,60,60),
+             lc = TRUE,
+             uc = TRUE,
+             legend = FALSE,
+             ncol = 1,
+             leg.lab = NULL,
+             x.leg = 6.2,
+             y.leg = 2.4,
+             cex.leg = 1.2,
+ #           ylim = c(0,1.0),
+             xlab = "Stimulus",
+             ylab = "Mean NNI z-score",
+             cex.lab = 1.3,
+             cex.names = 1.3,
+             main = "NNI z-score vs. Stimulus"
+ )
> dev.off()
null device 
          1 
> 
> 
